0x00e91be8 [libchromeview.so -	 libchromeview.so:15277032] Framework::Symbol_1()
0x00e91bf9 [libchromeview.so -	 libchromeview.so:15277049] Framework::Symbol_2()
